[backblue.gif]
[fade.gif]
[index.html]
[gmpg.org/xfn/11.html]
[mxn.codesforever.com/xmlrpc.1.delayed]
[mxn.codesforever.com/wp-includes/css/dist/block-library/style.min5b21.css]
[mxn.codesforever.com/wp-content/plugins/woo-gutenberg-products-block/build/wc-blocks-vendors-styleed84.css]
[mxn.codesforever.com/wp-content/plugins/woo-gutenberg-products-block/build/wc-blocks-styleed84.css]
[mxn.codesforever.com/wp-includes/css/dist/components/style.min5b21.css]
[fonts.googleapis.com/index.html]
[s.w.org/index.html]
[use.fontawesome.com/index.html]
[mxn.codesforever.com/wp-includes/css/dist/block-editor/style.min5b21.css]
[mxn.codesforever.com/wp-includes/css/dist/nux/style.min5b21.css]
[mxn.codesforever.com/wp-includes/css/dist/reusable-blocks/style.min5b21.css]
[mxn.codesforever.com/wp-includes/css/dist/editor/style.min5b21.css]
[mxn.codesforever.com/comments/feed/index.html]
[mxn.codesforever.com/feed/index.html]
[mxn.codesforever.com/wp-content/plugins/testimonial-free/src/Frontend/assets/css/swiper.min355d.css]
[mxn.codesforever.com/wp-content/plugins/testimonial-free/src/Frontend/assets/css/font-awesome.min355d.css]
[mxn.codesforever.com/wp-content/plugins/testimonial-free/src/Frontend/assets/css/deprecated-style.min355d.css]
[mxn.codesforever.com/wp-content/plugins/testimonial-free/src/Frontend/assets/css/style.min355d.css]
[mxn.codesforever.com/wp-content/plugins/wc-sales-notification-pro/assets/css/wc_notification8a54.css]
[mxn.codesforever.com/wp-content/plugins/wc-sales-notification-pro/assets/css/animate8a54.css]
[mxn.codesforever.com/wp-content/plugins/yith-woocommerce-ajax-search-premium/assets/css/yith_wcas_ajax_search5a35.css]
[mxn.codesforever.com/wp-content/plugins/whatsapp-for-wordpress/assets/css/style5b21.css]
[mxn.codesforever.com/wp-content/plugins/js_composer/assets/css/js_composer.mine1b2.css]
[mxn.codesforever.com/wp-content/themes/rehub-theme/style0705.css]
[mxn.codesforever.com/wp-content/themes/rehub-theme/iconstyle0705.css]
[mxn.codesforever.com/wp-content/themes/rehub-theme/css/ajaxsearch0705.css]
[mxn.codesforever.com/wp-content/themes/rehub-theme/css/woocommerce0705.css]
[mxn.codesforever.com/wp-content/themes/rehub-theme/css/slidingpanel5152.css]
[mxn.codesforever.com/wp-content/themes/rehub-theme/css/quantity7ef2.css]
[use.fontawesome.com/releases/v5.15.4/webfonts/fa-brands-400.eot]
[use.fontawesome.com/releases/v5.15.4/webfonts/fa-brands-400d41d.eot]
[use.fontawesome.com/releases/v5.15.4/webfonts/fa-brands-400.woff2]
[use.fontawesome.com/releases/v5.15.4/webfonts/fa-brands-400.woff]
[use.fontawesome.com/releases/v5.15.4/webfonts/fa-brands-400.ttf]
[use.fontawesome.com/releases/v5.15.4/webfonts/fa-solid-900.eot]
[use.fontawesome.com/releases/v5.15.4/webfonts/fa-brands-400.svg]
[use.fontawesome.com/releases/v5.15.4/webfonts/fa-solid-900d41d.eot]
[use.fontawesome.com/releases/v5.15.4/webfonts/fa-solid-900.woff2]
[use.fontawesome.com/releases/v5.15.4/webfonts/fa-solid-900.woff]
[use.fontawesome.com/releases/v5.15.4/webfonts/fa-solid-900.ttf]
[use.fontawesome.com/releases/v5.15.4/webfonts/fa-solid-900.svg]
[use.fontawesome.com/releases/v5.15.4/webfonts/fa-regular-400.eot]
[use.fontawesome.com/releases/v5.15.4/webfonts/fa-regular-400d41d.eot]
[use.fontawesome.com/releases/v5.15.4/webfonts/fa-regular-400.woff2]
[use.fontawesome.com/releases/v5.15.4/webfonts/fa-regular-400.woff]
[use.fontawesome.com/releases/v5.15.4/webfonts/fa-regular-400.ttf]
[use.fontawesome.com/releases/v5.15.4/webfonts/fa-regular-400.svg]
[mxn.codesforever.com/wp-includes/js/jquery/jquery.minaf6c.js]
[mxn.codesforever.com/wp-includes/js/jquery/jquery-migrate.mind617.js]
[mxn.codesforever.com/wp-content/plugins/whatsapp-for-wordpress/assets/js/main5b21.js]
[www.googletagmanager.com/gtag/js4c89]
[mxn.codesforever.com/wp-json/wp/v2/pages/200.json]
[mxn.codesforever.com/wp-json/index.html]
[mxn.codesforever.com/xmlrpc0db0.php]
[mxn.codesforever.com/wp-includes/wlwmanifest.xml]
[mxn.codesforever.com/wp-json/oembed/1.0/embed5e04.json]
[mxn.codesforever.com/wp-json/oembed/1.0/embed1f96]
[www.googletagmanager.com/gtag/js992c]
[mxn.codesforever.com/wp-content/themes/rehub-theme/fonts/rhicons1e02.woff2]
[mxn.codesforever.com/wp-content/uploads/2021/09/cropped-android-chrome-512x512-1-32x32.png]
[mxn.codesforever.com/wp-content/uploads/2021/09/cropped-android-chrome-512x512-1-192x192.png]
[mxn.codesforever.com/wp-content/uploads/2021/09/cropped-android-chrome-512x512-1-180x180.png]
[mxn.codesforever.com/wp-content/uploads/2021/09/CODESFOREVER.png]
[www.w3.org/2000/svg.html]
[mxn.codesforever.com/cart/index.html]
[mxn.codesforever.com/wp-content/themes/rehub-theme/images/default/blank.gif]
[aud.codesforever.com/index.html]
[inr.codesforever.com/index.html]
[mxn.codesforever.com/product-category/antivirus/index.html]
[mxn.codesforever.com/wp-content/plugins/js_composer/assets/lib/bower/font-awesome/css/v4-shims.mine1b2.css]
[mxn.codesforever.com/product-category/antivirus/kaspersky/index.html]
[mxn.codesforever.com/wp-content/plugins/js_composer/assets/lib/bower/font-awesome/css/all.mine1b2.css]
[mxn.codesforever.com/product-category/antivirus/mcafee/index.html]
[mxn.codesforever.com/wp-content/plugins/woocommerce/assets/js/jquery-blockui/jquery.blockUI.min15df.js]
[mxn.codesforever.com/product-category/antivirus/npav/index.html]
[mxn.codesforever.com/wp-content/plugins/woocommerce/assets/js/frontend/add-to-cart.min6c2d.js]
[mxn.codesforever.com/product-category/antivirus/quick-heal/index.html]
[mxn.codesforever.com/wp-content/plugins/woocommerce/assets/js/js-cookie/js.cookie.minf98d.js]
[mxn.codesforever.com/product-category/games/index.html]
[mxn.codesforever.com/wp-content/plugins/woocommerce/assets/js/frontend/woocommerce.min6c2d.js]
[mxn.codesforever.com/wp-content/plugins/woocommerce/assets/js/frontend/cart-fragments.min6c2d.js]
[mxn.codesforever.com/wp-content/plugins/yith-woocommerce-ajax-search-premium/assets/js/yith-autocomplete.min4281.js]
[mxn.codesforever.com/product-category/games/pc/index.html]
[mxn.codesforever.com/wp-content/themes/rehub-theme/js/inview4963.js]
[mxn.codesforever.com/product-category/games/activate-card/index.html]
[mxn.codesforever.com/wp-content/themes/rehub-theme/js/pgwmodald5f7.js]
[mxn.codesforever.com/wp-content/themes/rehub-theme/js/unveil7752.js]
[mxn.codesforever.com/wp-content/themes/rehub-theme/js/hoverintent3aa8.js]
[mxn.codesforever.com/product-category/games/xbox-card/index.html]
[mxn.codesforever.com/product-category/software/index.html]
[mxn.codesforever.com/wp-content/themes/rehub-theme/js/countdown4963.js]
[mxn.codesforever.com/wp-content/themes/rehub-theme/js/custom0705.js]
[mxn.codesforever.com/wp-content/themes/rehub-theme/js/ajaxsearch0705.js]
[mxn.codesforever.com/product-category/software/autodesk/index.html]
[mxn.codesforever.com/wp-content/themes/rehub-theme/js/ajaxcart0705.js]
[mxn.codesforever.com/product-category/software/corel/index.html]
[mxn.codesforever.com/wp-content/themes/rehub-theme/js/quantity0705.js]
[mxn.codesforever.com/wp-content/themes/rehub-theme/js/userloginad05.js]
[mxn.codesforever.com/wp-content/plugins/js_composer/assets/js/dist/js_composer_front.mine1b2.js]
[mxn.codesforever.com/wp-content/themes/rehub-theme/js/wishcount4963.js]
[file/D_/My Web Sites/mxn.codesmart/mxn.codesmart.com/index.html]
[mxn.codesforever.com/product-category/software/microsoft-office-suites/index.html]
[mxn.codesforever.com/product-category/software/pdf/index.html]
[mxn.codesforever.com/product-category/software/operating-systems/index.html]
[mxn.codesforever.com/product-category/software/vmware/index.html]
[gmpg.org/xfn/default.css]
[mxn.codesforever.com/product-category/software/others/index.html]
[mxn.codesforever.com/product-category/hardware/printer-cartridge/index.html]
[gmpg.org/xfn/.html]
[mxn.codesforever.com/product-category/hardware/index.html]
[gmpg.org/xfn/intro.html]
[mxn.codesforever.com/product/acrobat-pro-2020-for-windows/index.html]
[mxn.codesforever.com/contact-us/index.html]
[mxn.codesforever.com/product-category/software/adobe/index.html]
[gmpg.org/xfn/faq.html]
[gmpg.org/xfn/thanks.html]
[gmpg.org/xfn/11.html]
[mxn.codesforever.com/product/adobe-acrobat-dc-para-windows-1-ano-de-suscripcion-solo-invitacion-por-correo-electronico/index.html]
[mxn.codesforever.com/index9692.html]
[mxn.codesforever.com/indexafc3.html]
[mxn.codesforever.com/product/coreldraw-graphics-suite-2019-personal-use-digital-delivery-lifetime-32-64-bit-1pc-1user/index.html]
[mxn.codesforever.com/index4417.html]
[mxn.codesforever.com/xmlrpc.php]
[mxn.codesforever.com/product/coreldraw-graphics-suite-2019-personal-use-digital-delivery-lifetime-for-mac-os-1mac-1user/index.html]
[www.googletagmanager.com/index.html]
[mxn.codesforever.com/indexdb1d.html]
[fonts.googleapis.com/index.html]
[mxn.codesforever.com/product/coreldraw-graphic-suite-2020-commercial-use-multi-language-lifetime-1-pc-1-user/index.html]
[mxn.codesforever.com/index5a00.html]
[use.fontawesome.com/index.html]
[mxn.codesforever.com/product/non_commerical/index.html]
[s.w.org/index.html]
[mxn.codesforever.com/index3e9c.html]
[mxn.codesforever.com/product/windows-11pro/index.html]
[mxn.codesforever.com/wp-includes/css/dist/block-library/style.min5b21.css]
[mxn.codesforever.com/product-category/deals/index.html]
[mxn.codesforever.com/indexa482.html]
[mxn.codesforever.com/wp-content/plugins/woo-gutenberg-products-block/build/wc-blocks-vendors-styleed84.css]
[mxn.codesforever.com/product/combo/index.html]
[mxn.codesforever.com/product-category/home/index.html]
[mxn.codesforever.com/wp-content/plugins/woo-gutenberg-products-block/build/wc-blocks-styleed84.css]
[mxn.codesforever.com/index90bd.html]
[mxn.codesforever.com/product/server2019std/index.html]
[mxn.codesforever.com/wp-includes/css/dist/components/style.min5b21.css]
[mxn.codesforever.com/product/windows-server-2016-s/index.html]
[mxn.codesforever.com/index539e.html]
[mxn.codesforever.com/wp-includes/css/dist/block-editor/style.min5b21.css]
[mxn.codesforever.com/product/w10_pro_global/index.html]
[mxn.codesforever.com/index82e7.html]
[mxn.codesforever.com/wp-includes/css/dist/nux/style.min5b21.css]
[mxn.codesforever.com/product/windows-8-1-pro-esd-electronic-software-download-32bit-64bit-lifetime-activation-only-registration-code-by-email-no-cd-dvd-usb/index.html]
[mxn.codesforever.com/indexde2f.html]
[mxn.codesforever.com/wp-includes/css/dist/reusable-blocks/style.min5b21.css]
[mxn.codesforever.com/index677f.html]
[mxn.codesforever.com/wp-includes/css/dist/editor/style.min5b21.css]
[mxn.codesforever.com/index8851.html]
[mxn.codesforever.com/product/windows-10-enterprise/index.html]
[mxn.codesforever.com/wp-content/plugins/whatsapp-for-wordpress/dist/blocks.style.build5b21.css]
[mxn.codesforever.com/product/windows-server-2016/index.html]
[mxn.codesforever.com/index91b0.html]
[fonts.gstatic.com/s/opensans/v34/memSYaGs126MiZpBA-UvWbX2vVnXBbObj2OVZyOOSr4dVJWUgsgH1x4gaVc.ttf]
[fonts.googleapis.com/css4971.css]
[mxn.codesforever.com/product/server-2012-r2-std/index.html]
[mxn.codesforever.com/index7d2b.html]
[mxn.codesforever.com/wp-content/plugins/testimonial-free/src/Frontend/assets/css/swiper.min355d.css]
[mxn.codesforever.com/product/windows-10-pro-for-workstation/index.html]
[mxn.codesforever.com/index040f.html]
[mxn.codesforever.com/product/clave-de-minecraft-para-windows-10-activacion-de-vpn/index.html]
[mxn.codesforever.com/wp-content/plugins/testimonial-free/src/Frontend/assets/css/font-awesome.min355d.css]
[mxn.codesforever.com/product/playerunknowns-battlegrounds-steam-region-free-solo-cuenta/index.html]
[mxn.codesforever.com/indexc427.html]
[mxn.codesforever.com/wp-content/plugins/testimonial-free/src/Frontend/assets/css/deprecated-style.min355d.css]
[mxn.codesforever.com/index965a.html]
[mxn.codesforever.com/product/office-2021-pro-plus/index.html]
[mxn.codesforever.com/product/office-2019-pro-plus/index.html]
[mxn.codesforever.com/wp-content/plugins/testimonial-free/src/Frontend/assets/css/style.min355d.css]
[mxn.codesforever.com/index9939.html]
[mxn.codesforever.com/product/microsoft-2019-mexican/index.html]
[mxn.codesforever.com/wp-content/plugins/wc-sales-notification-pro/assets/css/wc_notification8a54.css]
[mxn.codesforever.com/indexe6a1.html]
[mxn.codesforever.com/index9307.html]
[mxn.codesforever.com/wp-content/plugins/wc-sales-notification-pro/assets/css/animate8a54.css]
[mxn.codesforever.com/product/microsoft-visio-2019-professional-plus-digital-download-lifetime-32-64-bit-1pc1user/index.html]
[mxn.codesforever.com/indexd118.html]
[mxn.codesforever.com/wp-content/plugins/yith-woocommerce-ajax-search-premium/assets/css/yith_wcas_ajax_search5a35.css]
[mxn.codesforever.com/product/p19-1u/index.html]
[mxn.codesforever.com/product/office-365-5-device-5-user-mac-android-window-5-tb-storage-mea/index.html]
[mxn.codesforever.com/wp-content/plugins/whatsapp-for-wordpress/assets/css/style5b21.css]
[mxn.codesforever.com/index8c68.html]
[mxn.codesforever.com/index72a9.html]
[mxn.codesforever.com/product/016-5u/index.html]
[file/D_/My Web Sites/mxn.codesmart/use.fontawesome.com/releases/v5.15.4/css/all.css]
[mxn.codesforever.com/product/19-5u/index.html]
[mxn.codesforever.com/index8365.html]
[mxn.codesforever.com/wp-content/plugins/js_composer/assets/css/js_composer.mine1b2.css]
[mxn.codesforever.com/product/microsoft-office-2019-home-student/index.html]
[mxn.codesforever.com/index518d.html]
[mxn.codesforever.com/wp-content/themes/rehub-theme/style0705.css]
[mxn.codesforever.com/product/o16pp/index.html]
[mxn.codesforever.com/indexaa44.html]
[mxn.codesforever.com/wp-content/themes/rehub-theme/iconstyle0705.css]
[mxn.codesforever.com/index3aae.html]
[mxn.codesforever.com/product/microsoft-office-2016-pp-multilanguage-lifetime-1pc-1user/index.html]
[mxn.codesforever.com/wp-content/themes/rehub-theme/css/ajaxsearch0705.css]
[mxn.codesforever.com/product/mcafee-total-protection/index.html]
[mxn.codesforever.com/indexe83a.html]
[mxn.codesforever.com/wp-content/themes/rehub-theme/css/woocommerce0705.css]
[mxn.codesforever.com/product/quick-heal-antivirus-pro/index.html]
[mxn.codesforever.com/indexae0a.html]
[mxn.codesforever.com/wp-content/themes/rehub-theme/css/slidingpanel5152.css]
[mxn.codesforever.com/product/mcafee-internet-security/index.html]
[mxn.codesforever.com/indexb3e1.html]
[mxn.codesforever.com/wp-content/themes/rehub-theme/css/quantity7ef2.css]
[mxn.codesforever.com/product/autodesk-autocad-2020-download-windows-multilanguage-3-years/index.html]
[mxn.codesforever.com/indexcba6.html]
[file/D_/My Web Sites/mxn.codesmart/use.fontawesome.com/releases/v5.15.4/css/v4-shims.css]
[mxn.codesforever.com/product/autodesk-autocad-2020-download-mac-multilanguage-3-years/index.html]
[mxn.codesforever.com/index77ba.html]
[mxn.codesforever.com/product/autodesk-maya-2021-download-windows-multilanguage-1-year-student-version/index.html]
[mxn.codesforever.com/indexb35c.html]
[use.fontawesome.com/releases/v5.15.4/webfonts/fa-brands-400.svg]
[mxn.codesforever.com/index0f16.html]
[mxn.codesforever.com/product/autodesk-3ds_max/index.html]
[use.fontawesome.com/releases/v5.15.4/webfonts/fa-solid-900.svg]
[mxn.codesforever.com/product/revit-2021-download-windows-multilanguage-1-year-student-version-copy/index.html]
[mxn.codesforever.com/index2ac4.html]
[use.fontawesome.com/releases/v5.15.4/webfonts/fa-regular-400.svg]
[mxn.codesforever.com/index92ed.html]
[mxn.codesforever.com/product/inventor/index.html]
[mxn.codesforever.com/wp-includes/js/jquery/jquery.minaf6c.js]
[mxn.codesforever.com/indexff56.html]
[mxn.codesforever.com/product/autodesk-robot-structural-analysis-professional-2021/index.html]
[mxn.codesforever.com/wp-includes/js/jquery/jquery-migrate.mind617.js]
[mxn.codesforever.com/index6999.html]
[mxn.codesforever.com/product/autodesk-maya-2020-for-mac/index.html]
[mxn.codesforever.com/wp-content/plugins/whatsapp-for-wordpress/assets/js/main5b21.js]
[mxn.codesforever.com/product/autodesk-maya-2020-for-linux-download-linux-multilanguage-1-year-student-version/index.html]
[mxn.codesforever.com/index5b31.html]
[mxn.codesforever.com/index5fcf.html]
[mxn.codesforever.com/product/autodesk-autocad-civl-3d/index.html]
[mxn.codesforever.com/product/autodesk-advance-steel-2021-for-windows/index.html]
[fonts.gstatic.com/index.html]
[mxn.codesforever.com/index8236.html]
[mxn.codesforever.com/product/autodesk-alias-autostudio-2021-for-windows/index.html]
[mxn.codesforever.com/index6a98.html]
[mxn.codesforever.com/about-us/index.html]
[mxn.codesforever.com/privacy-policy/index.html]
[mxn.codesforever.com/indexae09.html]
[mxn.codesforever.com/terms-conditions/index.html]
[mxn.codesforever.com/faq/index.html]
[mxn.codesforever.com/disclaimer/index.html]
[fonts.googleapis.com/css26458.css]
[mxn.codesforever.com/refund-and-returns-policy/index.html]
[fonts.gstatic.com/s/jost/v14/92zPtBhPNqw79Ij1E865zBUv7myRJQVG.ttf]
[codesforever.com/index.html]
[use.fontawesome.com/releases/v5.15.4/css/all.css]
[use.fontawesome.com/releases/v5.15.4/css/v4-shims.css]
[www.googletagmanager.com/gtag/js8aa9]
[codesforever.com/wp-content/uploads/2021/08/CODESFOREVER.png]
[cdn.trustindex.io/loader9660.js]
[cdn.trustindex.io/loader5b21.js]
[aud.codesforever.com/index.html]
[inr.codesforever.com/index.html]
[mxn.codesforever.com/cart/index.html]
[mxn.codesforever.com/product-category/antivirus/index.html]
[mxn.codesforever.com/product-category/antivirus/kaspersky/index.html]
[mxn.codesforever.com/product-category/antivirus/mcafee/index.html]
[mxn.codesforever.com/product-category/antivirus/npav/index.html]
[mxn.codesforever.com/product-category/antivirus/quick-heal/index.html]
[mxn.codesforever.com/product-category/games/index.html]
[mxn.codesforever.com/product-category/games/pc/index.html]
[mxn.codesforever.com/product-category/games/activate-card/index.html]
[mxn.codesforever.com/product-category/games/xbox-card/index.html]
[mxn.codesforever.com/product-category/software/index.html]
[mxn.codesforever.com/product-category/software/autodesk/index.html]
[mxn.codesforever.com/product-category/software/corel/index.html]
[mxn.codesforever.com/product-category/software/microsoft-office-suites/index.html]
[mxn.codesforever.com/product-category/software/operating-systems/index.html]
[mxn.codesforever.com/product-category/software/pdf/index.html]
[mxn.codesforever.com/product-category/software/vmware/index.html]
[mxn.codesforever.com/product-category/software/others/index.html]
[mxn.codesforever.com/product-category/hardware/index.html]
[mxn.codesforever.com/product-category/hardware/printer-cartridge/index.html]
[mxn.codesforever.com/contact-us/index.html]
[hcaptcha.com/1/api6680.js]
[www.w3.org/2000/svg.html]
[mxn.codesforever.com/product/acrobat-pro-2020-for-windows/index.html]
[mxn.codesforever.com/product-category/software/adobe/index.html]
[mxn.codesforever.com/index9692.html]
[mxn.codesforever.com/product/adobe-acrobat-dc-para-windows-1-ano-de-suscripcion-solo-invitacion-por-correo-electronico/index.html]
[mxn.codesforever.com/indexafc3.html]
[mxn.codesforever.com/product/coreldraw-graphics-suite-2019-personal-use-digital-delivery-lifetime-32-64-bit-1pc-1user/index.html]
[mxn.codesforever.com/index4417.html]
[mxn.codesforever.com/product/coreldraw-graphics-suite-2019-personal-use-digital-delivery-lifetime-for-mac-os-1mac-1user/index.html]
[mxn.codesforever.com/indexdb1d.html]
[mxn.codesforever.com/product/coreldraw-graphic-suite-2020-commercial-use-multi-language-lifetime-1-pc-1-user/index.html]
[mxn.codesforever.com/index5a00.html]
[mxn.codesforever.com/product/non_commerical/index.html]
[mxn.codesforever.com/index3e9c.html]
[mxn.codesforever.com/product/windows-11pro/index.html]
[mxn.codesforever.com/product-category/deals/index.html]
[mxn.codesforever.com/indexa482.html]
[mxn.codesforever.com/product/combo/index.html]
[mxn.codesforever.com/product-category/home/index.html]
[mxn.codesforever.com/index90bd.html]
[codesforever.com/wp-content/uploads/2020/03/server.png]
[mxn.codesforever.com/product/server2019std/index.html]
[mxn.codesforever.com/index539e.html]
[mxn.codesforever.com/product/windows-server-2016-s/index.html]
[mxn.codesforever.com/index82e7.html]
[mxn.codesforever.com/product/w10_pro_global/index.html]
[mxn.codesforever.com/indexde2f.html]
[mxn.codesforever.com/product/windows-8-1-pro-esd-electronic-software-download-32bit-64bit-lifetime-activation-only-registration-code-by-email-no-cd-dvd-usb/index.html]
[mxn.codesforever.com/index677f.html]
[mxn.codesforever.com/product/windows-10-enterprise/index.html]
[mxn.codesforever.com/index8851.html]
[mxn.codesforever.com/product/windows-server-2016/index.html]
[mxn.codesforever.com/index91b0.html]
[codesforever.com/wp-content/uploads/2020/04/k12.jpg]
[codesforever.com/wp-content/uploads/2020/04/k12-150x150.jpg]
[mxn.codesforever.com/product/server-2012-r2-std/index.html]
[mxn.codesforever.com/index7d2b.html]
[mxn.codesforever.com/product/windows-10-pro-for-workstation/index.html]
[mxn.codesforever.com/index040f.html]
[mxn.codesforever.com/product/clave-de-minecraft-para-windows-10-activacion-de-vpn/index.html]
[mxn.codesforever.com/indexc427.html]
[mxn.codesforever.com/product/playerunknowns-battlegrounds-steam-region-free-solo-cuenta/index.html]
[mxn.codesforever.com/index965a.html]
[mxn.codesforever.com/product/office-2021-pro-plus/index.html]
[mxn.codesforever.com/index9939.html]
[codesforever.com/wp-content/uploads/2016/11/O19PPWAUI.png]
[codesforever.com/wp-content/uploads/2016/11/O19PPWAUI-150x150.png]
[codesforever.com/wp-content/uploads/2016/11/O19PPWASS.png]
[codesforever.com/wp-content/uploads/2016/11/O19PPWASS-150x150.png]
[mxn.codesforever.com/product/office-2019-pro-plus/index.html]
[mxn.codesforever.com/indexe6a1.html]
[mxn.codesforever.com/product/microsoft-2019-mexican/index.html]
[mxn.codesforever.com/index9307.html]
[codesforever.com/wp-content/uploads/2019/03/VP16B.jpg]
[codesforever.com/wp-content/uploads/2019/03/VP16B-150x150.jpg]
[codesforever.com/wp-content/uploads/2019/03/VP16a.png]
[codesforever.com/wp-content/uploads/2019/03/VP16a-150x150.png]
[mxn.codesforever.com/product/microsoft-visio-2019-professional-plus-digital-download-lifetime-32-64-bit-1pc1user/index.html]
[mxn.codesforever.com/indexd118.html]
[codesforever.com/wp-content/uploads/2020/02/3651.jpg]
[codesforever.com/wp-content/uploads/2020/02/3651-150x150.jpg]
[codesforever.com/wp-content/uploads/2020/02/3652.jpg]
[codesforever.com/wp-content/uploads/2020/02/3652-150x150.jpg]
[codesforever.com/wp-content/uploads/2020/02/3653.png]
[codesforever.com/wp-content/uploads/2020/02/3653-150x150.png]
[mxn.codesforever.com/product/office-365-5-device-5-user-mac-android-window-5-tb-storage-mea/index.html]
[mxn.codesforever.com/index8c68.html]
[codesforever.com/wp-content/uploads/2019/03/pp2019bi.png]
[codesforever.com/wp-content/uploads/2019/03/pp2019bi-150x150.png]
[mxn.codesforever.com/product/p19-1u/index.html]
[mxn.codesforever.com/index72a9.html]
[mxn.codesforever.com/product/016-5u/index.html]
[mxn.codesforever.com/index8365.html]
[mxn.codesforever.com/product/19-5u/index.html]
[mxn.codesforever.com/index518d.html]
[mxn.codesforever.com/product/microsoft-office-2019-home-student/index.html]
[mxn.codesforever.com/indexaa44.html]
[mxn.codesforever.com/product/o16pp/index.html]
[mxn.codesforever.com/index3aae.html]
[mxn.codesforever.com/product/microsoft-office-2016-pp-multilanguage-lifetime-1pc-1user/index.html]
[mxn.codesforever.com/indexe83a.html]
[mxn.codesforever.com/product/mcafee-total-protection/index.html]
[mxn.codesforever.com/indexae0a.html]
[codesforever.com/wp-content/uploads/2020/05/QHAV1.png]
[codesforever.com/wp-content/uploads/2020/05/QHAV1-150x150.png]
[codesforever.com/wp-content/uploads/2020/05/QHAV2.jpg]
[codesforever.com/wp-content/uploads/2020/05/QHAV2-150x150.jpg]
[mxn.codesforever.com/product/quick-heal-antivirus-pro/index.html]
[mxn.codesforever.com/indexb3e1.html]
[mxn.codesforever.com/product/mcafee-internet-security/index.html]
[mxn.codesforever.com/indexcba6.html]
[mxn.codesforever.com/product/autodesk-autocad-2020-download-windows-multilanguage-3-years/index.html]
[mxn.codesforever.com/index77ba.html]
[mxn.codesforever.com/product/autodesk-autocad-2020-download-mac-multilanguage-3-years/index.html]
[mxn.codesforever.com/indexb35c.html]
[mxn.codesforever.com/product/autodesk-maya-2021-download-windows-multilanguage-1-year-student-version/index.html]
[mxn.codesforever.com/index0f16.html]
[mxn.codesforever.com/product/autodesk-3ds_max/index.html]
[mxn.codesforever.com/index2ac4.html]
[mxn.codesforever.com/product/revit-2021-download-windows-multilanguage-1-year-student-version-copy/index.html]
[mxn.codesforever.com/index92ed.html]
[mxn.codesforever.com/product/inventor/index.html]
[mxn.codesforever.com/indexff56.html]
[mxn.codesforever.com/product/autodesk-robot-structural-analysis-professional-2021/index.html]
[mxn.codesforever.com/index6999.html]
[mxn.codesforever.com/product/autodesk-maya-2020-for-mac/index.html]
[mxn.codesforever.com/index5fcf.html]
[mxn.codesforever.com/product/autodesk-maya-2020-for-linux-download-linux-multilanguage-1-year-student-version/index.html]
[mxn.codesforever.com/index5b31.html]
[mxn.codesforever.com/product/autodesk-autocad-civl-3d/index.html]
[mxn.codesforever.com/index8236.html]
[mxn.codesforever.com/product/autodesk-advance-steel-2021-for-windows/index.html]
[mxn.codesforever.com/index6a98.html]
[mxn.codesforever.com/product/autodesk-alias-autostudio-2021-for-windows/index.html]
[mxn.codesforever.com/indexae09.html]
[mxn.codesforever.com/about-us/index.html]
[mxn.codesforever.com/privacy-policy/index.html]
[mxn.codesforever.com/terms-conditions/index.html]
[mxn.codesforever.com/faq/index.html]
[mxn.codesforever.com/disclaimer/index.html]
[mxn.codesforever.com/refund-and-returns-policy/index.html]
[mxn.codesforever.com/wp-content/plugins/js_composer/assets/lib/bower/font-awesome/css/v4-shims.mine1b2.css]
[mxn.codesforever.com/wp-content/plugins/js_composer/assets/lib/bower/font-awesome/css/all.mine1b2.css]
[mxn.codesforever.com/wp-content/plugins/woocommerce/assets/js/jquery-blockui/jquery.blockUI.min15df.js]
[mxn.codesforever.com/wp-content/plugins/woocommerce/assets/js/frontend/add-to-cart.min6c2d.js]
[mxn.codesforever.com/wp-content/plugins/woocommerce/assets/js/js-cookie/js.cookie.minf98d.js]
[mxn.codesforever.com/wp-content/plugins/woocommerce/assets/js/frontend/woocommerce.min6c2d.js]
[mxn.codesforever.com/wp-content/plugins/woocommerce/assets/js/frontend/cart-fragments.min6c2d.js]
[mxn.codesforever.com/wp-content/plugins/yith-woocommerce-ajax-search-premium/assets/js/yith-autocomplete.min4281.js]
[mxn.codesforever.com/wp-content/themes/rehub-theme/js/inview4963.js]
[mxn.codesforever.com/wp-content/themes/rehub-theme/js/pgwmodald5f7.js]
[mxn.codesforever.com/wp-content/themes/rehub-theme/js/unveil7752.js]
[mxn.codesforever.com/wp-content/themes/rehub-theme/js/hoverintent3aa8.js]
[mxn.codesforever.com/wp-content/themes/rehub-theme/js/countdown4963.js]
[mxn.codesforever.com/wp-content/themes/rehub-theme/js/custom0705.js]
[mxn.codesforever.com/wp-content/themes/rehub-theme/js/ajaxsearch0705.js]
[mxn.codesforever.com/wp-content/themes/rehub-theme/js/ajaxcart0705.js]
[mxn.codesforever.com/wp-content/themes/rehub-theme/js/quantity0705.js]
[mxn.codesforever.com/wp-content/themes/rehub-theme/js/userloginad05.js]
[apis.google.com/js/plusone.js]
[assets.pinterest.com/js/pinit.js]
[mxn.codesforever.com/wp-content/plugins/js_composer/assets/js/dist/js_composer_front.mine1b2.js]
[mxn.codesforever.com/wp-content/themes/rehub-theme/js/wishcount4963.js]
[gmpg.org/xfn/default.css]
[gmpg.org/xfn/index.html]
[gmpg.org/xfn/join.html]
[gmpg.org/xfn/background.html]
[gmpg.org/xfn/tools.html]
[gmpg.org/xfn/helping.html]
[gmpg.org/xfn/feedback.html]
[gmpg.org/xfn/and/index.html]
[gmpg.org/xfn/creator.html]
[gmpg.org/xfn/more.html]
[gmpg.org/xfn/press.html]
[gmpg.org/xfn/index-2.html]
[gmpg.org/xfn/.html]
[gmpg.org/xfn/pix/intro/five-met.gif]
[gmpg.org/xfn/pix/intro/five-acqfr.gif]
[gmpg.org/xfn/pix/intro/five-prof.gif]
[gmpg.org/xfn/pix/intro/five-lovefam.gif]
[gmpg.org/xfn/intro.html]
[gmpg.org/xfn/faq.html]
[gmpg.org/xfn/thanks.html]
[use.fontawesome.com/releases/v5.15.4/css/all.css]
[use.fontawesome.com/releases/v5.15.4/css/v4-shims.css]
[codesforever.com/about-us/index.html]
[codesforever.com/privacy-policy/index.html]
[codesforever.com/terms-conditions/index.html]
[codesforever.com/faq/index.html]
[codesforever.com/disclaimer/index.html]
[codesforever.com/refund-and-returns-policy/index.html]
[codesforever.com/contact-us/index.html]
[codesforever.com/product-category/antivirus/index.html]
[codesforever.com/product-category/games/index.html]
[codesforever.com/product-category/software/index.html]
[codesforever.com/product-category/hardware/index.html]
[codesforever.com/wishlist/index.html]
[fonts.gstatic.com/s/opensans/v34/memQYaGs126MiZpBA-UFUIcVXSCEkx2cmqvXlWq8tWZ0Pw86hd0Rk5hkWVAexQ.ttf]
[fonts.gstatic.com/s/opensans/v34/memQYaGs126MiZpBA-UFUIcVXSCEkx2cmqvXlWq8tWZ0Pw86hd0Rk8ZkWVAexQ.ttf]
[fonts.gstatic.com/s/opensans/v34/memQYaGs126MiZpBA-UFUIcVXSCEkx2cmqvXlWq8tWZ0Pw86hd0RkxhjWVAexQ.ttf]
[fonts.gstatic.com/s/opensans/v34/memQYaGs126MiZpBA-UFUIcVXSCEkx2cmqvXlWq8tWZ0Pw86hd0RkyFjWVAexQ.ttf]
[fonts.gstatic.com/s/opensans/v34/memQYaGs126MiZpBA-UFUIcVXSCEkx2cmqvXlWq8tWZ0Pw86hd0Rk0ZjWVAexQ.ttf]
[fonts.gstatic.com/s/opensans/v34/memSYaGs126MiZpBA-UvWbX2vVnXBbObj2OVZyOOSr4dVJWUgsiH0B4gaVc.ttf]
[fonts.gstatic.com/s/opensans/v34/memSYaGs126MiZpBA-UvWbX2vVnXBbObj2OVZyOOSr4dVJWUgsjZ0B4gaVc.ttf]
[fonts.gstatic.com/s/opensans/v34/memSYaGs126MiZpBA-UvWbX2vVnXBbObj2OVZyOOSr4dVJWUgsg-1x4gaVc.ttf]
[fonts.googleapis.com/css1e25.css]
[fonts.gstatic.com/s/opensans/v34/memSYaGs126MiZpBA-UvWbX2vVnXBbObj2OVZyOOSr4dVJWUgshZ1x4gaVc.ttf]
[gmpg.org/xfn/index.html]
[gmpg.org/xfn/1.html]
[gmpg.org/xfn/xfn-btn.gif]
[gmpg.org/xfn/join.html]
[gmpg.org/xfn/background.html]
[gmpg.org/xfn/creator-fr.html]
[gmpg.org/xfn/creator-it.html]
[gmpg.org/xfn/creator-es.html]
[gmpg.org/xfn/creator-nl.html]
[gmpg.org/xfn/creator-cs.html]
[gmpg.org/xfn/creator-ja.html]
[gmpg.org/xfn/tools.html]
[gmpg.org/xfn/pix/mememememe.png]
[gmpg.org/xfn/and/foaf.html]
[gmpg.org/xfn/and/index-2.html]
[gmpg.org/xfn/and/index.html]
[gmpg.org/xfn/helping.html]
[gmpg.org/xfn/feedback.html]
[gmpg.org/xfn/creator.html]
[gmpg.org/xfn/xfn-mini.gif]
[gmpg.org/xfn/more.html]
[gmpg.org/xfn/press.html]
[gmpg.org/xfn/index-2.html]
[gmpg.org/xfn/1.html]
[gmpg.org/xfn/creator-fr.html]
[gmpg.org/xfn/creator-it.html]
[gmpg.org/xfn/creator-es.html]
[gmpg.org/xfn/creator-nl.html]
[gmpg.org/xfn/creator-cs.html]
[gmpg.org/xfn/creator-ja.html]
[gmpg.org/xfn/and/foaf.html]
[gmpg.org/xfn/and/index-2.html]
[gmpg.org/xfn/count.css]
[junk.metafilter.com/xfn.gif]
